0 verbose cli C:\Program Files\nodejs\node.exe C:\Program Files\nodejs\node_modules\npm\bin\npm-cli.js
1 info using npm@11.9.0
2 info using node@v24.14.0
3 silly config load:file:C:\Program Files\nodejs\node_modules\npm\npmrc
4 silly config load:file:C:\Users\eumai\v2-crm\.npmrc
5 silly config load:file:C:\Users\eumai\.npmrc
6 silly config load:file:C:\Users\eumai\v2-crm\.appdata\npm\etc\npmrc
7 verbose title npm exec vercel@39.3.0 deploy --prod --yes --scope maiks-projects-717158d2
8 verbose argv "exec" "--" "vercel@39.3.0" "deploy" "--prod" "--yes" "--scope" "maiks-projects-717158d2"
9 verbose logfile logs-max:10 dir:C:\Users\eumai\v2-crm\.npm-cache\_logs\2026-06-15T17_33_23_022Z-
10 verbose logfile C:\Users\eumai\v2-crm\.npm-cache\_logs\2026-06-15T17_33_23_022Z-debug-0.log
11 silly logfile done cleaning log files
12 silly packumentCache heap:4496293888 maxSize:1124073472 maxEntrySize:562036736
13 http fetch GET https://registry.npmjs.org/vercel attempt 1 failed with EACCES
14 http fetch GET https://registry.npmjs.org/vercel attempt 2 failed with EACCES
15 http fetch GET https://registry.npmjs.org/vercel attempt 3 failed with EACCES
16 http fetch GET 200 https://registry.npmjs.org/vercel 70078ms (cache stale)
17 silly packumentCache heap:4496293888 maxSize:1124073472 maxEntrySize:562036736
18 verbose Could not read global path C:\Users\eumai\v2-crm\.appdata\npm, ignoring
19 silly packumentCache heap:4496293888 maxSize:1124073472 maxEntrySize:562036736
20 verbose cwd C:\Users\eumai\v2-crm
21 verbose os Windows_NT 10.0.26200
22 verbose node v24.14.0
23 verbose npm  v11.9.0
24 verbose exit 1
25 verbose code 1
