0 verbose cli C:\Program Files\nodejs\node.exe C:\Program Files\nodejs\node_modules\npm\bin\npm-cli.js
1 info using npm@11.9.0
2 info using node@v24.14.0
3 silly config load:file:C:\Program Files\nodejs\node_modules\npm\npmrc
4 silly config load:file:C:\Users\eumai\v2-crm\.npmrc
5 silly config load:file:C:\Users\eumai\.npmrc
6 silly config load:file:C:\Users\eumai\v2-crm\.appdata\npm\etc\npmrc
7 verbose title npm exec vercel@39.3.0 whoami
8 verbose argv "exec" "--" "vercel@39.3.0" "whoami"
9 verbose logfile logs-max:10 dir:C:\Users\eumai\v2-crm\.npm-cache\_logs\2026-06-15T17_28_17_841Z-
10 verbose logfile C:\Users\eumai\v2-crm\.npm-cache\_logs\2026-06-15T17_28_17_841Z-debug-0.log
11 silly logfile done cleaning log files
12 silly packumentCache heap:4496293888 maxSize:1124073472 maxEntrySize:562036736
13 http fetch GET 200 https://registry.npmjs.org/vercel 95ms (cache revalidated)
14 silly packumentCache heap:4496293888 maxSize:1124073472 maxEntrySize:562036736
15 verbose Could not read global path C:\Users\eumai\v2-crm\.appdata\npm, ignoring
16 silly packumentCache heap:4496293888 maxSize:1124073472 maxEntrySize:562036736
17 verbose cwd C:\Users\eumai\v2-crm
18 verbose os Windows_NT 10.0.26200
19 verbose node v24.14.0
20 verbose npm  v11.9.0
21 verbose exit 1
22 verbose code 1
